services/api/configService.ts(6,43): error TS2589: Type instantiation is excessively deep and possibly infinite.
services/api/configService.ts(7,23): error TS2769: No overload matches this call.
  Overload 1 of 2, '(relation: "clientes" | "contatos" | "eventos_edicoes" | "atendimentos" | "eventos" | "planilha_configuracoes" | "atendimentos_historico" | "contratos" | "enderecos" | "itens_opcionais" | "planilha_vendas_estandes"): PostgrestQueryBuilder<...>', gave the following error.
    Argument of type '"system_config"' is not assignable to parameter of type '"clientes" | "contatos" | "eventos_edicoes" | "atendimentos" | "eventos" | "planilha_configuracoes" | "atendimentos_historico" | "contratos" | "enderecos" | "itens_opcionais" | "planilha_vendas_estandes"'.
  Overload 2 of 2, '(relation: never): PostgrestQueryBuilder<{ PostgrestVersion: "14.1"; }, { Tables: { atendimentos: { Row: { cliente_id: string; cliente_nome: string; contato_id: string; contato_nome: string; created_at: string; ... 7 more ...; updated_at: string; }; Insert: { ...; }; Update: { ...; }; Relationships: [...]; }; ... 9 more ...; planilha_vendas_estandes: { ...; }; }; Views: {}; Functions: { ...; }; Enums: {}; CompositeTypes: {}; }, never, never, never>', gave the following error.
    Argument of type '"system_config"' is not assignable to parameter of type 'never'.
services/api/configService.ts(13,26): error TS2551: Property 'value' does not exist on type 'SelectQueryError<"column 'value' does not exist on 'clientes'."> | SelectQueryError<"column 'value' does not exist on 'contatos'."> | ... 8 more ... | SelectQueryError<...>'. Did you mean 'valueOf'?
  Property 'value' does not exist on type 'SelectQueryError<"column 'value' does not exist on 'clientes'.">'.
services/api/configService.ts(22,19): error TS2769: No overload matches this call.
  Overload 1 of 2, '(relation: "clientes" | "contatos" | "eventos_edicoes" | "atendimentos" | "eventos" | "planilha_configuracoes" | "atendimentos_historico" | "contratos" | "enderecos" | "itens_opcionais" | "planilha_vendas_estandes"): PostgrestQueryBuilder<...>', gave the following error.
    Argument of type '"system_config"' is not assignable to parameter of type '"clientes" | "contatos" | "eventos_edicoes" | "atendimentos" | "eventos" | "planilha_configuracoes" | "atendimentos_historico" | "contratos" | "enderecos" | "itens_opcionais" | "planilha_vendas_estandes"'.
  Overload 2 of 2, '(relation: never): PostgrestQueryBuilder<{ PostgrestVersion: "14.1"; }, { Tables: { atendimentos: { Row: { cliente_id: string; cliente_nome: string; contato_id: string; contato_nome: string; created_at: string; ... 7 more ...; updated_at: string; }; Insert: { ...; }; Update: { ...; }; Relationships: [...]; }; ... 9 more ...; planilha_vendas_estandes: { ...; }; }; Views: {}; Functions: { ...; }; Enums: {}; CompositeTypes: {}; }, never, never, never>', gave the following error.
    Argument of type '"system_config"' is not assignable to parameter of type 'never'.
services/api/configService.ts(23,23): error TS2769: No overload matches this call.
  Overload 1 of 2, '(values: { cliente_id?: string; cliente_nome?: string; contato_id?: string; contato_nome?: string; created_at?: string; data_retorno?: string; edicao_id: string; id?: string; probabilidade?: number; telefone?: string; ultima_obs?: string; ultima_obs_at?: string; updated_at?: string; } | ... 9 more ... | { ...; }, options?: { ...; }): PostgrestFilterBuilder<...>', gave the following error.
    Object literal may only specify known properties, and 'key' does not exist in type '{ cliente_id?: string; cliente_nome?: string; contato_id?: string; contato_nome?: string; created_at?: string; data_retorno?: string; edicao_id: string; id?: string; probabilidade?: number; telefone?: string; ultima_obs?: string; ultima_obs_at?: string; updated_at?: string; } | ... 9 more ... | { ...; }'.
  Overload 2 of 2, '(values: ({ cliente_id?: string; cliente_nome?: string; contato_id?: string; contato_nome?: string; created_at?: string; data_retorno?: string; edicao_id: string; id?: string; probabilidade?: number; telefone?: string; ultima_obs?: string; ultima_obs_at?: string; updated_at?: string; } | ... 9 more ... | { ...; })[], options?: { ...; }): PostgrestFilterBuilder<...>', gave the following error.
    Object literal may only specify known properties, but 'key' does not exist in type '({ cliente_id?: string; cliente_nome?: string; contato_id?: string; contato_nome?: string; created_at?: string; data_retorno?: string; edicao_id: string; id?: string; probabilidade?: number; telefone?: string; ultima_obs?: string; ultima_obs_at?: string; updated_at?: string; } | ... 9 more ... | { ...; })[]'. Did you mean to write 'keys'?
services/api/exportService.ts(15,23): error TS2769: No overload matches this call.
  Overload 1 of 2, '(relation: "clientes" | "contatos" | "eventos_edicoes" | "atendimentos" | "eventos" | "planilha_configuracoes" | "atendimentos_historico" | "contratos" | "enderecos" | "itens_opcionais" | "planilha_vendas_estandes"): PostgrestQueryBuilder<...>', gave the following error.
    Argument of type '"photos"' is not assignable to parameter of type '"clientes" | "contatos" | "eventos_edicoes" | "atendimentos" | "eventos" | "planilha_configuracoes" | "atendimentos_historico" | "contratos" | "enderecos" | "itens_opcionais" | "planilha_vendas_estandes"'.
  Overload 2 of 2, '(relation: never): PostgrestQueryBuilder<{ PostgrestVersion: "14.1"; }, { Tables: { atendimentos: { Row: { cliente_id: string; cliente_nome: string; contato_id: string; contato_nome: string; created_at: string; ... 7 more ...; updated_at: string; }; Insert: { ...; }; Update: { ...; }; Relationships: [...]; }; ... 9 more ...; planilha_vendas_estandes: { ...; }; }; Views: {}; Functions: { ...; }; Enums: {}; CompositeTypes: {}; }, never, never, never>', gave the following error.
    Argument of type '"photos"' is not assignable to parameter of type 'never'.
services/api/photoService.ts(68,19): error TS2769: No overload matches this call.
  Overload 1 of 2, '(relation: "clientes" | "contatos" | "eventos_edicoes" | "atendimentos" | "eventos" | "planilha_configuracoes" | "atendimentos_historico" | "contratos" | "enderecos" | "itens_opcionais" | "planilha_vendas_estandes"): PostgrestQueryBuilder<...>', gave the following error.
    Argument of type '"photos"' is not assignable to parameter of type '"clientes" | "contatos" | "eventos_edicoes" | "atendimentos" | "eventos" | "planilha_configuracoes" | "atendimentos_historico" | "contratos" | "enderecos" | "itens_opcionais" | "planilha_vendas_estandes"'.
  Overload 2 of 2, '(relation: never): PostgrestQueryBuilder<{ PostgrestVersion: "14.1"; }, { Tables: { atendimentos: { Row: { cliente_id: string; cliente_nome: string; contato_id: string; contato_nome: string; created_at: string; ... 7 more ...; updated_at: string; }; Insert: { ...; }; Update: { ...; }; Relationships: [...]; }; ... 9 more ...; planilha_vendas_estandes: { ...; }; }; Views: {}; Functions: { ...; }; Enums: {}; CompositeTypes: {}; }, never, never, never>', gave the following error.
    Argument of type '"photos"' is not assignable to parameter of type 'never'.
services/api/photoService.ts(72,21): error TS2589: Type instantiation is excessively deep and possibly infinite.
services/api/photoService.ts(99,19): error TS2769: No overload matches this call.
  Overload 1 of 2, '(relation: "clientes" | "contatos" | "eventos_edicoes" | "atendimentos" | "eventos" | "planilha_configuracoes" | "atendimentos_historico" | "contratos" | "enderecos" | "itens_opcionais" | "planilha_vendas_estandes"): PostgrestQueryBuilder<...>', gave the following error.
    Argument of type '"photos"' is not assignable to parameter of type '"clientes" | "contatos" | "eventos_edicoes" | "atendimentos" | "eventos" | "planilha_configuracoes" | "atendimentos_historico" | "contratos" | "enderecos" | "itens_opcionais" | "planilha_vendas_estandes"'.
  Overload 2 of 2, '(relation: never): PostgrestQueryBuilder<{ PostgrestVersion: "14.1"; }, { Tables: { atendimentos: { Row: { cliente_id: string; cliente_nome: string; contato_id: string; contato_nome: string; created_at: string; ... 7 more ...; updated_at: string; }; Insert: { ...; }; Update: { ...; }; Relationships: [...]; }; ... 9 more ...; planilha_vendas_estandes: { ...; }; }; Views: {}; Functions: { ...; }; Enums: {}; CompositeTypes: {}; }, never, never, never>', gave the following error.
    Argument of type '"photos"' is not assignable to parameter of type 'never'.
services/api/photoService.ts(124,19): error TS2769: No overload matches this call.
  Overload 1 of 2, '(relation: "clientes" | "contatos" | "eventos_edicoes" | "atendimentos" | "eventos" | "planilha_configuracoes" | "atendimentos_historico" | "contratos" | "enderecos" | "itens_opcionais" | "planilha_vendas_estandes"): PostgrestQueryBuilder<...>', gave the following error.
    Argument of type '"photos"' is not assignable to parameter of type '"clientes" | "contatos" | "eventos_edicoes" | "atendimentos" | "eventos" | "planilha_configuracoes" | "atendimentos_historico" | "contratos" | "enderecos" | "itens_opcionais" | "planilha_vendas_estandes"'.
  Overload 2 of 2, '(relation: never): PostgrestQueryBuilder<{ PostgrestVersion: "14.1"; }, { Tables: { atendimentos: { Row: { cliente_id: string; cliente_nome: string; contato_id: string; contato_nome: string; created_at: string; ... 7 more ...; updated_at: string; }; Insert: { ...; }; Update: { ...; }; Relationships: [...]; }; ... 9 more ...; planilha_vendas_estandes: { ...; }; }; Views: {}; Functions: { ...; }; Enums: {}; CompositeTypes: {}; }, never, never, never>', gave the following error.
    Argument of type '"photos"' is not assignable to parameter of type 'never'.
services/api/photoService.ts(165,15): error TS2322: Type '{ user_id: string; name: string; url: string; thumbnail_url: string; local_path: string; storage_location: string; video_url: string; }' is not assignable to type 'never'.
services/api/photoService.ts(165,40): error TS2344: Type '"photos"' does not satisfy the constraint '"clientes" | "contatos" | "eventos_edicoes" | "atendimentos" | "eventos" | "planilha_configuracoes" | "atendimentos_historico" | "contratos" | "enderecos" | "itens_opcionais" | "planilha_vendas_estandes" | { ...; }'.
services/api/photoService.ts(176,19): error TS2769: No overload matches this call.
  Overload 1 of 2, '(relation: "clientes" | "contatos" | "eventos_edicoes" | "atendimentos" | "eventos" | "planilha_configuracoes" | "atendimentos_historico" | "contratos" | "enderecos" | "itens_opcionais" | "planilha_vendas_estandes"): PostgrestQueryBuilder<...>', gave the following error.
    Argument of type '"photos"' is not assignable to parameter of type '"clientes" | "contatos" | "eventos_edicoes" | "atendimentos" | "eventos" | "planilha_configuracoes" | "atendimentos_historico" | "contratos" | "enderecos" | "itens_opcionais" | "planilha_vendas_estandes"'.
  Overload 2 of 2, '(relation: never): PostgrestQueryBuilder<{ PostgrestVersion: "14.1"; }, { Tables: { atendimentos: { Row: { cliente_id: string; cliente_nome: string; contato_id: string; contato_nome: string; created_at: string; ... 7 more ...; updated_at: string; }; Insert: { ...; }; Update: { ...; }; Relationships: [...]; }; ... 9 more ...; planilha_vendas_estandes: { ...; }; }; Views: {}; Functions: { ...; }; Enums: {}; CompositeTypes: {}; }, never, never, never>', gave the following error.
    Argument of type '"photos"' is not assignable to parameter of type 'never'.
services/api/photoService.ts(191,23): error TS2769: No overload matches this call.
  Overload 1 of 2, '(relation: "clientes" | "contatos" | "eventos_edicoes" | "atendimentos" | "eventos" | "planilha_configuracoes" | "atendimentos_historico" | "contratos" | "enderecos" | "itens_opcionais" | "planilha_vendas_estandes"): PostgrestQueryBuilder<...>', gave the following error.
    Argument of type '"photo_tags"' is not assignable to parameter of type '"clientes" | "contatos" | "eventos_edicoes" | "atendimentos" | "eventos" | "planilha_configuracoes" | "atendimentos_historico" | "contratos" | "enderecos" | "itens_opcionais" | "planilha_vendas_estandes"'.
  Overload 2 of 2, '(relation: never): PostgrestQueryBuilder<{ PostgrestVersion: "14.1"; }, { Tables: { atendimentos: { Row: { cliente_id: string; cliente_nome: string; contato_id: string; contato_nome: string; created_at: string; ... 7 more ...; updated_at: string; }; Insert: { ...; }; Update: { ...; }; Relationships: [...]; }; ... 9 more ...; planilha_vendas_estandes: { ...; }; }; Views: {}; Functions: { ...; }; Enums: {}; CompositeTypes: {}; }, never, never, never>', gave the following error.
    Argument of type '"photo_tags"' is not assignable to parameter of type 'never'.
services/api/photoService.ts(192,25): error TS2769: No overload matches this call.
  Overload 1 of 2, '(values: { cliente_id?: string; cliente_nome?: string; contato_id?: string; contato_nome?: string; created_at?: string; data_retorno?: string; edicao_id: string; id?: string; probabilidade?: number; telefone?: string; ultima_obs?: string; ultima_obs_at?: string; updated_at?: string; } | ... 9 more ... | { ...; }, options?: { ...; }): PostgrestFilterBuilder<...>', gave the following error.
    Argument of type '{ photo_id: string; tag_id: string; }[]' is not assignable to parameter of type '{ cliente_id?: string; cliente_nome?: string; contato_id?: string; contato_nome?: string; created_at?: string; data_retorno?: string; edicao_id: string; id?: string; probabilidade?: number; telefone?: string; ultima_obs?: string; ultima_obs_at?: string; updated_at?: string; } | ... 9 more ... | { ...; }'.
  Overload 2 of 2, '(values: ({ cliente_id?: string; cliente_nome?: string; contato_id?: string; contato_nome?: string; created_at?: string; data_retorno?: string; edicao_id: string; id?: string; probabilidade?: number; telefone?: string; ultima_obs?: string; ultima_obs_at?: string; updated_at?: string; } | ... 9 more ... | { ...; })[], options?: { ...; }): PostgrestFilterBuilder<...>', gave the following error.
    Argument of type '{ photo_id: string; tag_id: string; }[]' is not assignable to parameter of type '({ cliente_id?: string; cliente_nome?: string; contato_id?: string; contato_nome?: string; created_at?: string; data_retorno?: string; edicao_id: string; id?: string; probabilidade?: number; telefone?: string; ultima_obs?: string; ultima_obs_at?: string; updated_at?: string; } | ... 9 more ... | { ...; })[]'.
      Type '{ photo_id: string; tag_id: string; }' is not assignable to type '{ cliente_id?: string; cliente_nome?: string; contato_id?: string; contato_nome?: string; created_at?: string; data_retorno?: string; edicao_id: string; id?: string; probabilidade?: number; telefone?: string; ultima_obs?: string; ultima_obs_at?: string; updated_at?: string; } | ... 9 more ... | { ...; }'.
services/api/photoService.ts(199,30): error TS2339: Property 'user_id' does not exist on type '{ cliente_id: string; cliente_nome: string; contato_id: string; contato_nome: string; created_at: string; data_retorno: string; edicao_id: string; id: string; probabilidade: number; telefone: string; ultima_obs: string; ultima_obs_at: string; updated_at: string; } | ... 9 more ... | { ...; }'.
  Property 'user_id' does not exist on type '{ cliente_id: string; cliente_nome: string; contato_id: string; contato_nome: string; created_at: string; data_retorno: string; edicao_id: string; id: string; probabilidade: number; telefone: string; ultima_obs: string; ultima_obs_at: string; updated_at: string; }'.
services/api/photoService.ts(200,28): error TS2339: Property 'name' does not exist on type '{ cliente_id: string; cliente_nome: string; contato_id: string; contato_nome: string; created_at: string; data_retorno: string; edicao_id: string; id: string; probabilidade: number; telefone: string; ultima_obs: string; ultima_obs_at: string; updated_at: string; } | ... 9 more ... | { ...; }'.
  Property 'name' does not exist on type '{ cliente_id: string; cliente_nome: string; contato_id: string; contato_nome: string; created_at: string; data_retorno: string; edicao_id: string; id: string; probabilidade: number; telefone: string; ultima_obs: string; ultima_obs_at: string; updated_at: string; }'.
services/api/photoService.ts(201,27): error TS2339: Property 'url' does not exist on type '{ cliente_id: string; cliente_nome: string; contato_id: string; contato_nome: string; created_at: string; data_retorno: string; edicao_id: string; id: string; probabilidade: number; telefone: string; ultima_obs: string; ultima_obs_at: string; updated_at: string; } | ... 9 more ... | { ...; }'.
  Property 'url' does not exist on type '{ cliente_id: string; cliente_nome: string; contato_id: string; contato_nome: string; created_at: string; data_retorno: string; edicao_id: string; id: string; probabilidade: number; telefone: string; ultima_obs: string; ultima_obs_at: string; updated_at: string; }'.
services/api/photoService.ts(202,36): error TS2339: Property 'thumbnail_url' does not exist on type '{ cliente_id: string; cliente_nome: string; contato_id: string; contato_nome: string; created_at: string; data_retorno: string; edicao_id: string; id: string; probabilidade: number; telefone: string; ultima_obs: string; ultima_obs_at: string; updated_at: string; } | ... 9 more ... | { ...; }'.
  Property 'thumbnail_url' does not exist on type '{ cliente_id: string; cliente_nome: string; contato_id: string; contato_nome: string; created_at: string; data_retorno: string; edicao_id: string; id: string; probabilidade: number; telefone: string; ultima_obs: string; ultima_obs_at: string; updated_at: string; }'.
services/api/photoService.ts(203,33): error TS2339: Property 'local_path' does not exist on type '{ cliente_id: string; cliente_nome: string; contato_id: string; contato_nome: string; created_at: string; data_retorno: string; edicao_id: string; id: string; probabilidade: number; telefone: string; ultima_obs: string; ultima_obs_at: string; updated_at: string; } | ... 9 more ... | { ...; }'.
  Property 'local_path' does not exist on type '{ cliente_id: string; cliente_nome: string; contato_id: string; contato_nome: string; created_at: string; data_retorno: string; edicao_id: string; id: string; probabilidade: number; telefone: string; ultima_obs: string; ultima_obs_at: string; updated_at: string; }'.
services/api/photoService.ts(204,39): error TS2339: Property 'storage_location' does not exist on type '{ cliente_id: string; cliente_nome: string; contato_id: string; contato_nome: string; created_at: string; data_retorno: string; edicao_id: string; id: string; probabilidade: number; telefone: string; ultima_obs: string; ultima_obs_at: string; updated_at: string; } | ... 9 more ... | { ...; }'.
  Property 'storage_location' does not exist on type '{ cliente_id: string; cliente_nome: string; contato_id: string; contato_nome: string; created_at: string; data_retorno: string; edicao_id: string; id: string; probabilidade: number; telefone: string; ultima_obs: string; ultima_obs_at: string; updated_at: string; }'.
services/api/photoService.ts(205,32): error TS2339: Property 'video_url' does not exist on type '{ cliente_id: string; cliente_nome: string; contato_id: string; contato_nome: string; created_at: string; data_retorno: string; edicao_id: string; id: string; probabilidade: number; telefone: string; ultima_obs: string; ultima_obs_at: string; updated_at: string; } | ... 9 more ... | { ...; }'.
  Property 'video_url' does not exist on type '{ cliente_id: string; cliente_nome: string; contato_id: string; contato_nome: string; created_at: string; data_retorno: string; edicao_id: string; id: string; probabilidade: number; telefone: string; ultima_obs: string; ultima_obs_at: string; updated_at: string; }'.
services/api/photoService.ts(212,15): error TS2322: Type '{}' is not assignable to type 'never'.
services/api/photoService.ts(212,40): error TS2344: Type '"photos"' does not satisfy the constraint '"clientes" | "contatos" | "eventos_edicoes" | "atendimentos" | "eventos" | "planilha_configuracoes" | "atendimentos_historico" | "contratos" | "enderecos" | "itens_opcionais" | "planilha_vendas_estandes" | { ...; }'.
services/api/photoService.ts(213,49): error TS2339: Property 'name' does not exist on type 'never'.
services/api/photoService.ts(214,48): error TS2339: Property 'url' does not exist on type 'never'.
services/api/photoService.ts(215,57): error TS2339: Property 'thumbnail_url' does not exist on type 'never'.
services/api/photoService.ts(216,54): error TS2339: Property 'local_path' does not exist on type 'never'.
services/api/photoService.ts(217,60): error TS2339: Property 'storage_location' does not exist on type 'never'.
services/api/photoService.ts(218,51): error TS2339: Property 'user_id' does not exist on type 'never'.
services/api/photoService.ts(219,53): error TS2339: Property 'video_url' does not exist on type 'never'.
services/api/photoService.ts(222,19): error TS2769: No overload matches this call.
  Overload 1 of 2, '(relation: "clientes" | "contatos" | "eventos_edicoes" | "atendimentos" | "eventos" | "planilha_configuracoes" | "atendimentos_historico" | "contratos" | "enderecos" | "itens_opcionais" | "planilha_vendas_estandes"): PostgrestQueryBuilder<...>', gave the following error.
    Argument of type '"photos"' is not assignable to parameter of type '"clientes" | "contatos" | "eventos_edicoes" | "atendimentos" | "eventos" | "planilha_configuracoes" | "atendimentos_historico" | "contratos" | "enderecos" | "itens_opcionais" | "planilha_vendas_estandes"'.
  Overload 2 of 2, '(relation: never): PostgrestQueryBuilder<{ PostgrestVersion: "14.1"; }, { Tables: { atendimentos: { Row: { cliente_id: string; cliente_nome: string; contato_id: string; contato_nome: string; created_at: string; ... 7 more ...; updated_at: string; }; Insert: { ...; }; Update: { ...; }; Relationships: [...]; }; ... 9 more ...; planilha_vendas_estandes: { ...; }; }; Views: {}; Functions: { ...; }; Enums: {}; CompositeTypes: {}; }, never, never, never>', gave the following error.
    Argument of type '"photos"' is not assignable to parameter of type 'never'.
services/api/photoService.ts(233,19): error TS2589: Type instantiation is excessively deep and possibly infinite.
services/api/photoService.ts(233,33): error TS2769: No overload matches this call.
  Overload 1 of 2, '(relation: "clientes" | "contatos" | "eventos_edicoes" | "atendimentos" | "eventos" | "planilha_configuracoes" | "atendimentos_historico" | "contratos" | "enderecos" | "itens_opcionais" | "planilha_vendas_estandes"): PostgrestQueryBuilder<...>', gave the following error.
    Argument of type '"photo_tags"' is not assignable to parameter of type '"clientes" | "contatos" | "eventos_edicoes" | "atendimentos" | "eventos" | "planilha_configuracoes" | "atendimentos_historico" | "contratos" | "enderecos" | "itens_opcionais" | "planilha_vendas_estandes"'.
  Overload 2 of 2, '(relation: never): PostgrestQueryBuilder<{ PostgrestVersion: "14.1"; }, { Tables: { atendimentos: { Row: { cliente_id: string; cliente_nome: string; contato_id: string; contato_nome: string; created_at: string; ... 7 more ...; updated_at: string; }; Insert: { ...; }; Update: { ...; }; Relationships: [...]; }; ... 9 more ...; planilha_vendas_estandes: { ...; }; }; Views: {}; Functions: { ...; }; Enums: {}; CompositeTypes: {}; }, never, never, never>', gave the following error.
    Argument of type '"photo_tags"' is not assignable to parameter of type 'never'.
services/api/photoService.ts(237,66): error TS2769: No overload matches this call.
  Overload 1 of 2, '(relation: "clientes" | "contatos" | "eventos_edicoes" | "atendimentos" | "eventos" | "planilha_configuracoes" | "atendimentos_historico" | "contratos" | "enderecos" | "itens_opcionais" | "planilha_vendas_estandes"): PostgrestQueryBuilder<...>', gave the following error.
    Argument of type '"photo_tags"' is not assignable to parameter of type '"clientes" | "contatos" | "eventos_edicoes" | "atendimentos" | "eventos" | "planilha_configuracoes" | "atendimentos_historico" | "contratos" | "enderecos" | "itens_opcionais" | "planilha_vendas_estandes"'.
  Overload 2 of 2, '(relation: never): PostgrestQueryBuilder<{ PostgrestVersion: "14.1"; }, { Tables: { atendimentos: { Row: { cliente_id: string; cliente_nome: string; contato_id: string; contato_nome: string; created_at: string; ... 7 more ...; updated_at: string; }; Insert: { ...; }; Update: { ...; }; Relationships: [...]; }; ... 9 more ...; planilha_vendas_estandes: { ...; }; }; Views: {}; Functions: { ...; }; Enums: {}; CompositeTypes: {}; }, never, never, never>', gave the following error.
    Argument of type '"photo_tags"' is not assignable to parameter of type 'never'.
services/api/photoService.ts(237,87): error TS2769: No overload matches this call.
  Overload 1 of 2, '(values: { cliente_id?: string; cliente_nome?: string; contato_id?: string; contato_nome?: string; created_at?: string; data_retorno?: string; edicao_id: string; id?: string; probabilidade?: number; telefone?: string; ultima_obs?: string; ultima_obs_at?: string; updated_at?: string; } | ... 9 more ... | { ...; }, options?: { ...; }): PostgrestFilterBuilder<...>', gave the following error.
    Argument of type '{ photo_id: string; tag_id: string; }[]' is not assignable to parameter of type '{ cliente_id?: string; cliente_nome?: string; contato_id?: string; contato_nome?: string; created_at?: string; data_retorno?: string; edicao_id: string; id?: string; probabilidade?: number; telefone?: string; ultima_obs?: string; ultima_obs_at?: string; updated_at?: string; } | ... 9 more ... | { ...; }'.
  Overload 2 of 2, '(values: ({ cliente_id?: string; cliente_nome?: string; contato_id?: string; contato_nome?: string; created_at?: string; data_retorno?: string; edicao_id: string; id?: string; probabilidade?: number; telefone?: string; ultima_obs?: string; ultima_obs_at?: string; updated_at?: string; } | ... 9 more ... | { ...; })[], options?: { ...; }): PostgrestFilterBuilder<...>', gave the following error.
    Argument of type '{ photo_id: string; tag_id: string; }[]' is not assignable to parameter of type '({ cliente_id?: string; cliente_nome?: string; contato_id?: string; contato_nome?: string; created_at?: string; data_retorno?: string; edicao_id: string; id?: string; probabilidade?: number; telefone?: string; ultima_obs?: string; ultima_obs_at?: string; updated_at?: string; } | ... 9 more ... | { ...; })[]'.
      Type '{ photo_id: string; tag_id: string; }' is not assignable to type '{ cliente_id?: string; cliente_nome?: string; contato_id?: string; contato_nome?: string; created_at?: string; data_retorno?: string; edicao_id: string; id?: string; probabilidade?: number; telefone?: string; ultima_obs?: string; ultima_obs_at?: string; updated_at?: string; } | ... 9 more ... | { ...; }'.
services/api/photoService.ts(245,34): error TS2339: Property 'user_id' does not exist on type '{ cliente_id: string; cliente_nome: string; contato_id: string; contato_nome: string; created_at: string; data_retorno: string; edicao_id: string; id: string; probabilidade: number; telefone: string; ultima_obs: string; ultima_obs_at: string; updated_at: string; } | ... 9 more ... | { ...; }'.
  Property 'user_id' does not exist on type '{ cliente_id: string; cliente_nome: string; contato_id: string; contato_nome: string; created_at: string; data_retorno: string; edicao_id: string; id: string; probabilidade: number; telefone: string; ultima_obs: string; ultima_obs_at: string; updated_at: string; }'.
services/api/photoService.ts(246,32): error TS2339: Property 'name' does not exist on type '{ cliente_id: string; cliente_nome: string; contato_id: string; contato_nome: string; created_at: string; data_retorno: string; edicao_id: string; id: string; probabilidade: number; telefone: string; ultima_obs: string; ultima_obs_at: string; updated_at: string; } | ... 9 more ... | { ...; }'.
  Property 'name' does not exist on type '{ cliente_id: string; cliente_nome: string; contato_id: string; contato_nome: string; created_at: string; data_retorno: string; edicao_id: string; id: string; probabilidade: number; telefone: string; ultima_obs: string; ultima_obs_at: string; updated_at: string; }'.
services/api/photoService.ts(247,31): error TS2339: Property 'url' does not exist on type '{ cliente_id: string; cliente_nome: string; contato_id: string; contato_nome: string; created_at: string; data_retorno: string; edicao_id: string; id: string; probabilidade: number; telefone: string; ultima_obs: string; ultima_obs_at: string; updated_at: string; } | ... 9 more ... | { ...; }'.
  Property 'url' does not exist on type '{ cliente_id: string; cliente_nome: string; contato_id: string; contato_nome: string; created_at: string; data_retorno: string; edicao_id: string; id: string; probabilidade: number; telefone: string; ultima_obs: string; ultima_obs_at: string; updated_at: string; }'.
services/api/photoService.ts(248,40): error TS2339: Property 'thumbnail_url' does not exist on type '{ cliente_id: string; cliente_nome: string; contato_id: string; contato_nome: string; created_at: string; data_retorno: string; edicao_id: string; id: string; probabilidade: number; telefone: string; ultima_obs: string; ultima_obs_at: string; updated_at: string; } | ... 9 more ... | { ...; }'.
  Property 'thumbnail_url' does not exist on type '{ cliente_id: string; cliente_nome: string; contato_id: string; contato_nome: string; created_at: string; data_retorno: string; edicao_id: string; id: string; probabilidade: number; telefone: string; ultima_obs: string; ultima_obs_at: string; updated_at: string; }'.
services/api/photoService.ts(249,37): error TS2339: Property 'local_path' does not exist on type '{ cliente_id: string; cliente_nome: string; contato_id: string; contato_nome: string; created_at: string; data_retorno: string; edicao_id: string; id: string; probabilidade: number; telefone: string; ultima_obs: string; ultima_obs_at: string; updated_at: string; } | ... 9 more ... | { ...; }'.
  Property 'local_path' does not exist on type '{ cliente_id: string; cliente_nome: string; contato_id: string; contato_nome: string; created_at: string; data_retorno: string; edicao_id: string; id: string; probabilidade: number; telefone: string; ultima_obs: string; ultima_obs_at: string; updated_at: string; }'.
services/api/photoService.ts(250,43): error TS2339: Property 'storage_location' does not exist on type '{ cliente_id: string; cliente_nome: string; contato_id: string; contato_nome: string; created_at: string; data_retorno: string; edicao_id: string; id: string; probabilidade: number; telefone: string; ultima_obs: string; ultima_obs_at: string; updated_at: string; } | ... 9 more ... | { ...; }'.
  Property 'storage_location' does not exist on type '{ cliente_id: string; cliente_nome: string; contato_id: string; contato_nome: string; created_at: string; data_retorno: string; edicao_id: string; id: string; probabilidade: number; telefone: string; ultima_obs: string; ultima_obs_at: string; updated_at: string; }'.
services/api/photoService.ts(251,36): error TS2339: Property 'video_url' does not exist on type '{ cliente_id: string; cliente_nome: string; contato_id: string; contato_nome: string; created_at: string; data_retorno: string; edicao_id: string; id: string; probabilidade: number; telefone: string; ultima_obs: string; ultima_obs_at: string; updated_at: string; } | ... 9 more ... | { ...; }'.
  Property 'video_url' does not exist on type '{ cliente_id: string; cliente_nome: string; contato_id: string; contato_nome: string; created_at: string; data_retorno: string; edicao_id: string; id: string; probabilidade: number; telefone: string; ultima_obs: string; ultima_obs_at: string; updated_at: string; }'.
services/api/photoService.ts(260,19): error TS2769: No overload matches this call.
  Overload 1 of 2, '(relation: "clientes" | "contatos" | "eventos_edicoes" | "atendimentos" | "eventos" | "planilha_configuracoes" | "atendimentos_historico" | "contratos" | "enderecos" | "itens_opcionais" | "planilha_vendas_estandes"): PostgrestQueryBuilder<...>', gave the following error.
    Argument of type '"photos"' is not assignable to parameter of type '"clientes" | "contatos" | "eventos_edicoes" | "atendimentos" | "eventos" | "planilha_configuracoes" | "atendimentos_historico" | "contratos" | "enderecos" | "itens_opcionais" | "planilha_vendas_estandes"'.
  Overload 2 of 2, '(relation: never): PostgrestQueryBuilder<{ PostgrestVersion: "14.1"; }, { Tables: { atendimentos: { Row: { cliente_id: string; cliente_nome: string; contato_id: string; contato_nome: string; created_at: string; ... 7 more ...; updated_at: string; }; Insert: { ...; }; Update: { ...; }; Relationships: [...]; }; ... 9 more ...; planilha_vendas_estandes: { ...; }; }; Views: {}; Functions: { ...; }; Enums: {}; CompositeTypes: {}; }, never, never, never>', gave the following error.
    Argument of type '"photos"' is not assignable to parameter of type 'never'.
services/api/photoService.ts(266,19): error TS2769: No overload matches this call.
  Overload 1 of 2, '(relation: "clientes" | "contatos" | "eventos_edicoes" | "atendimentos" | "eventos" | "planilha_configuracoes" | "atendimentos_historico" | "contratos" | "enderecos" | "itens_opcionais" | "planilha_vendas_estandes"): PostgrestQueryBuilder<...>', gave the following error.
    Argument of type '"photos"' is not assignable to parameter of type '"clientes" | "contatos" | "eventos_edicoes" | "atendimentos" | "eventos" | "planilha_configuracoes" | "atendimentos_historico" | "contratos" | "enderecos" | "itens_opcionais" | "planilha_vendas_estandes"'.
  Overload 2 of 2, '(relation: never): PostgrestQueryBuilder<{ PostgrestVersion: "14.1"; }, { Tables: { atendimentos: { Row: { cliente_id: string; cliente_nome: string; contato_id: string; contato_nome: string; created_at: string; ... 7 more ...; updated_at: string; }; Insert: { ...; }; Update: { ...; }; Relationships: [...]; }; ... 9 more ...; planilha_vendas_estandes: { ...; }; }; Views: {}; Functions: { ...; }; Enums: {}; CompositeTypes: {}; }, never, never, never>', gave the following error.
    Argument of type '"photos"' is not assignable to parameter of type 'never'.
services/api/photoService.ts(274,48): error TS2339: Property 'url' does not exist on type 'SelectQueryError<"column 'url' does not exist on 'clientes'."> | SelectQueryError<"column 'url' does not exist on 'contatos'."> | ... 8 more ... | SelectQueryError<...>'.
  Property 'url' does not exist on type 'SelectQueryError<"column 'url' does not exist on 'clientes'.">'.
services/api/photoService.ts(274,63): error TS2339: Property 'thumbnail_url' does not exist on type 'SelectQueryError<"column 'url' does not exist on 'clientes'."> | SelectQueryError<"column 'url' does not exist on 'contatos'."> | ... 8 more ... | SelectQueryError<...>'.
  Property 'thumbnail_url' does not exist on type 'SelectQueryError<"column 'url' does not exist on 'clientes'.">'.
services/api/tagService.ts(9,19): error TS2769: No overload matches this call.
  Overload 1 of 2, '(relation: "clientes" | "contatos" | "eventos_edicoes" | "atendimentos" | "eventos" | "planilha_configuracoes" | "atendimentos_historico" | "contratos" | "enderecos" | "itens_opcionais" | "planilha_vendas_estandes"): PostgrestQueryBuilder<...>', gave the following error.
    Argument of type '"tag_categories"' is not assignable to parameter of type '"clientes" | "contatos" | "eventos_edicoes" | "atendimentos" | "eventos" | "planilha_configuracoes" | "atendimentos_historico" | "contratos" | "enderecos" | "itens_opcionais" | "planilha_vendas_estandes"'.
  Overload 2 of 2, '(relation: never): PostgrestQueryBuilder<{ PostgrestVersion: "14.1"; }, { Tables: { atendimentos: { Row: { cliente_id: string; cliente_nome: string; contato_id: string; contato_nome: string; created_at: string; ... 7 more ...; updated_at: string; }; Insert: { ...; }; Update: { ...; }; Relationships: [...]; }; ... 9 more ...; planilha_vendas_estandes: { ...; }; }; Views: {}; Functions: { ...; }; Enums: {}; CompositeTypes: {}; }, never, never, never>', gave the following error.
    Argument of type '"tag_categories"' is not assignable to parameter of type 'never'.
services/api/tagService.ts(17,25): error TS2339: Property 'user_id' does not exist on type '{ cliente_id: string; cliente_nome: string; contato_id: string; contato_nome: string; created_at: string; data_retorno: string; edicao_id: string; id: string; probabilidade: number; telefone: string; ultima_obs: string; ultima_obs_at: string; updated_at: string; } | ... 9 more ... | { ...; }'.
  Property 'user_id' does not exist on type '{ cliente_id: string; cliente_nome: string; contato_id: string; contato_nome: string; created_at: string; data_retorno: string; edicao_id: string; id: string; probabilidade: number; telefone: string; ultima_obs: string; ultima_obs_at: string; updated_at: string; }'.
services/api/tagService.ts(18,23): error TS2339: Property 'name' does not exist on type '{ cliente_id: string; cliente_nome: string; contato_id: string; contato_nome: string; created_at: string; data_retorno: string; edicao_id: string; id: string; probabilidade: number; telefone: string; ultima_obs: string; ultima_obs_at: string; updated_at: string; } | ... 9 more ... | { ...; }'.
  Property 'name' does not exist on type '{ cliente_id: string; cliente_nome: string; contato_id: string; contato_nome: string; created_at: string; data_retorno: string; edicao_id: string; id: string; probabilidade: number; telefone: string; ultima_obs: string; ultima_obs_at: string; updated_at: string; }'.
services/api/tagService.ts(19,24): error TS2339: Property 'order' does not exist on type '{ cliente_id: string; cliente_nome: string; contato_id: string; contato_nome: string; created_at: string; data_retorno: string; edicao_id: string; id: string; probabilidade: number; telefone: string; ultima_obs: string; ultima_obs_at: string; updated_at: string; } | ... 9 more ... | { ...; }'.
  Property 'order' does not exist on type '{ cliente_id: string; cliente_nome: string; contato_id: string; contato_nome: string; created_at: string; data_retorno: string; edicao_id: string; id: string; probabilidade: number; telefone: string; ultima_obs: string; ultima_obs_at: string; updated_at: string; }'.
services/api/tagService.ts(20,31): error TS2339: Property 'is_required' does not exist on type '{ cliente_id: string; cliente_nome: string; contato_id: string; contato_nome: string; created_at: string; data_retorno: string; edicao_id: string; id: string; probabilidade: number; telefone: string; ultima_obs: string; ultima_obs_at: string; updated_at: string; } | ... 9 more ... | { ...; }'.
  Property 'is_required' does not exist on type '{ cliente_id: string; cliente_nome: string; contato_id: string; contato_nome: string; created_at: string; data_retorno: string; edicao_id: string; id: string; probabilidade: number; telefone: string; ultima_obs: string; ultima_obs_at: string; updated_at: string; }'.
services/api/tagService.ts(21,34): error TS2339: Property 'peer_category_ids' does not exist on type '{ cliente_id: string; cliente_nome: string; contato_id: string; contato_nome: string; created_at: string; data_retorno: string; edicao_id: string; id: string; probabilidade: number; telefone: string; ultima_obs: string; ultima_obs_at: string; updated_at: string; } | ... 9 more ... | { ...; }'.
  Property 'peer_category_ids' does not exist on type '{ cliente_id: string; cliente_nome: string; contato_id: string; contato_nome: string; created_at: string; data_retorno: string; edicao_id: string; id: string; probabilidade: number; telefone: string; ultima_obs: string; ultima_obs_at: string; updated_at: string; }'.
services/api/tagService.ts(27,15): error TS2322: Type '{ user_id: string; name: string; order: number; is_required: boolean; peer_category_ids: string[]; }' is not assignable to type 'never'.
services/api/tagService.ts(27,40): error TS2344: Type '"tag_categories"' does not satisfy the constraint '"clientes" | "contatos" | "eventos_edicoes" | "atendimentos" | "eventos" | "planilha_configuracoes" | "atendimentos_historico" | "contratos" | "enderecos" | "itens_opcionais" | "planilha_vendas_estandes" | { ...; }'.
services/api/tagService.ts(36,19): error TS2769: No overload matches this call.
  Overload 1 of 2, '(relation: "clientes" | "contatos" | "eventos_edicoes" | "atendimentos" | "eventos" | "planilha_configuracoes" | "atendimentos_historico" | "contratos" | "enderecos" | "itens_opcionais" | "planilha_vendas_estandes"): PostgrestQueryBuilder<...>', gave the following error.
    Argument of type '"tag_categories"' is not assignable to parameter of type '"clientes" | "contatos" | "eventos_edicoes" | "atendimentos" | "eventos" | "planilha_configuracoes" | "atendimentos_historico" | "contratos" | "enderecos" | "itens_opcionais" | "planilha_vendas_estandes"'.
  Overload 2 of 2, '(relation: never): PostgrestQueryBuilder<{ PostgrestVersion: "14.1"; }, { Tables: { atendimentos: { Row: { cliente_id: string; cliente_nome: string; contato_id: string; contato_nome: string; created_at: string; ... 7 more ...; updated_at: string; }; Insert: { ...; }; Update: { ...; }; Relationships: [...]; }; ... 9 more ...; planilha_vendas_estandes: { ...; }; }; Views: {}; Functions: { ...; }; Enums: {}; CompositeTypes: {}; }, never, never, never>', gave the following error.
    Argument of type '"tag_categories"' is not assignable to parameter of type 'never'.
services/api/tagService.ts(45,33): error TS2339: Property 'user_id' does not exist on type '{ cliente_id: string; cliente_nome: string; contato_id: string; contato_nome: string; created_at: string; data_retorno: string; edicao_id: string; id: string; probabilidade: number; telefone: string; ultima_obs: string; ultima_obs_at: string; updated_at: string; } | ... 9 more ... | { ...; }'.
  Property 'user_id' does not exist on type '{ cliente_id: string; cliente_nome: string; contato_id: string; contato_nome: string; created_at: string; data_retorno: string; edicao_id: string; id: string; probabilidade: number; telefone: string; ultima_obs: string; ultima_obs_at: string; updated_at: string; }'.
services/api/tagService.ts(46,31): error TS2339: Property 'name' does not exist on type '{ cliente_id: string; cliente_nome: string; contato_id: string; contato_nome: string; created_at: string; data_retorno: string; edicao_id: string; id: string; probabilidade: number; telefone: string; ultima_obs: string; ultima_obs_at: string; updated_at: string; } | ... 9 more ... | { ...; }'.
  Property 'name' does not exist on type '{ cliente_id: string; cliente_nome: string; contato_id: string; contato_nome: string; created_at: string; data_retorno: string; edicao_id: string; id: string; probabilidade: number; telefone: string; ultima_obs: string; ultima_obs_at: string; updated_at: string; }'.
services/api/tagService.ts(47,32): error TS2339: Property 'order' does not exist on type '{ cliente_id: string; cliente_nome: string; contato_id: string; contato_nome: string; created_at: string; data_retorno: string; edicao_id: string; id: string; probabilidade: number; telefone: string; ultima_obs: string; ultima_obs_at: string; updated_at: string; } | ... 9 more ... | { ...; }'.
  Property 'order' does not exist on type '{ cliente_id: string; cliente_nome: string; contato_id: string; contato_nome: string; created_at: string; data_retorno: string; edicao_id: string; id: string; probabilidade: number; telefone: string; ultima_obs: string; ultima_obs_at: string; updated_at: string; }'.
services/api/tagService.ts(48,39): error TS2339: Property 'is_required' does not exist on type '{ cliente_id: string; cliente_nome: string; contato_id: string; contato_nome: string; created_at: string; data_retorno: string; edicao_id: string; id: string; probabilidade: number; telefone: string; ultima_obs: string; ultima_obs_at: string; updated_at: string; } | ... 9 more ... | { ...; }'.
  Property 'is_required' does not exist on type '{ cliente_id: string; cliente_nome: string; contato_id: string; contato_nome: string; created_at: string; data_retorno: string; edicao_id: string; id: string; probabilidade: number; telefone: string; ultima_obs: string; ultima_obs_at: string; updated_at: string; }'.
services/api/tagService.ts(49,42): error TS2339: Property 'peer_category_ids' does not exist on type '{ cliente_id: string; cliente_nome: string; contato_id: string; contato_nome: string; created_at: string; data_retorno: string; edicao_id: string; id: string; probabilidade: number; telefone: string; ultima_obs: string; ultima_obs_at: string; updated_at: string; } | ... 9 more ... | { ...; }'.
  Property 'peer_category_ids' does not exist on type '{ cliente_id: string; cliente_nome: string; contato_id: string; contato_nome: string; created_at: string; data_retorno: string; edicao_id: string; id: string; probabilidade: number; telefone: string; ultima_obs: string; ultima_obs_at: string; updated_at: string; }'.
services/api/tagService.ts(55,15): error TS2322: Type '{}' is not assignable to type 'never'.
services/api/tagService.ts(55,40): error TS2344: Type '"tag_categories"' does not satisfy the constraint '"clientes" | "contatos" | "eventos_edicoes" | "atendimentos" | "eventos" | "planilha_configuracoes" | "atendimentos_historico" | "contratos" | "enderecos" | "itens_opcionais" | "planilha_vendas_estandes" | { ...; }'.
services/api/tagService.ts(56,49): error TS2339: Property 'name' does not exist on type 'never'.
services/api/tagService.ts(57,50): error TS2339: Property 'order' does not exist on type 'never'.
services/api/tagService.ts(58,55): error TS2339: Property 'is_required' does not exist on type 'never'.
services/api/tagService.ts(59,60): error TS2339: Property 'peer_category_ids' does not exist on type 'never'.
services/api/tagService.ts(62,19): error TS2769: No overload matches this call.
  Overload 1 of 2, '(relation: "clientes" | "contatos" | "eventos_edicoes" | "atendimentos" | "eventos" | "planilha_configuracoes" | "atendimentos_historico" | "contratos" | "enderecos" | "itens_opcionais" | "planilha_vendas_estandes"): PostgrestQueryBuilder<...>', gave the following error.
    Argument of type '"tag_categories"' is not assignable to parameter of type '"clientes" | "contatos" | "eventos_edicoes" | "atendimentos" | "eventos" | "planilha_configuracoes" | "atendimentos_historico" | "contratos" | "enderecos" | "itens_opcionais" | "planilha_vendas_estandes"'.
  Overload 2 of 2, '(relation: never): PostgrestQueryBuilder<{ PostgrestVersion: "14.1"; }, { Tables: { atendimentos: { Row: { cliente_id: string; cliente_nome: string; contato_id: string; contato_nome: string; created_at: string; ... 7 more ...; updated_at: string; }; Insert: { ...; }; Update: { ...; }; Relationships: [...]; }; ... 9 more ...; planilha_vendas_estandes: { ...; }; }; Views: {}; Functions: { ...; }; Enums: {}; CompositeTypes: {}; }, never, never, never>', gave the following error.
    Argument of type '"tag_categories"' is not assignable to parameter of type 'never'.
services/api/tagService.ts(72,37): error TS2339: Property 'user_id' does not exist on type '{ cliente_id: string; cliente_nome: string; contato_id: string; contato_nome: string; created_at: string; data_retorno: string; edicao_id: string; id: string; probabilidade: number; telefone: string; ultima_obs: string; ultima_obs_at: string; updated_at: string; } | ... 9 more ... | { ...; }'.
  Property 'user_id' does not exist on type '{ cliente_id: string; cliente_nome: string; contato_id: string; contato_nome: string; created_at: string; data_retorno: string; edicao_id: string; id: string; probabilidade: number; telefone: string; ultima_obs: string; ultima_obs_at: string; updated_at: string; }'.
services/api/tagService.ts(73,35): error TS2339: Property 'name' does not exist on type '{ cliente_id: string; cliente_nome: string; contato_id: string; contato_nome: string; created_at: string; data_retorno: string; edicao_id: string; id: string; probabilidade: number; telefone: string; ultima_obs: string; ultima_obs_at: string; updated_at: string; } | ... 9 more ... | { ...; }'.
  Property 'name' does not exist on type '{ cliente_id: string; cliente_nome: string; contato_id: string; contato_nome: string; created_at: string; data_retorno: string; edicao_id: string; id: string; probabilidade: number; telefone: string; ultima_obs: string; ultima_obs_at: string; updated_at: string; }'.
services/api/tagService.ts(74,36): error TS2339: Property 'order' does not exist on type '{ cliente_id: string; cliente_nome: string; contato_id: string; contato_nome: string; created_at: string; data_retorno: string; edicao_id: string; id: string; probabilidade: number; telefone: string; ultima_obs: string; ultima_obs_at: string; updated_at: string; } | ... 9 more ... | { ...; }'.
  Property 'order' does not exist on type '{ cliente_id: string; cliente_nome: string; contato_id: string; contato_nome: string; created_at: string; data_retorno: string; edicao_id: string; id: string; probabilidade: number; telefone: string; ultima_obs: string; ultima_obs_at: string; updated_at: string; }'.
services/api/tagService.ts(75,43): error TS2339: Property 'is_required' does not exist on type '{ cliente_id: string; cliente_nome: string; contato_id: string; contato_nome: string; created_at: string; data_retorno: string; edicao_id: string; id: string; probabilidade: number; telefone: string; ultima_obs: string; ultima_obs_at: string; updated_at: string; } | ... 9 more ... | { ...; }'.
  Property 'is_required' does not exist on type '{ cliente_id: string; cliente_nome: string; contato_id: string; contato_nome: string; created_at: string; data_retorno: string; edicao_id: string; id: string; probabilidade: number; telefone: string; ultima_obs: string; ultima_obs_at: string; updated_at: string; }'.
services/api/tagService.ts(76,46): error TS2339: Property 'peer_category_ids' does not exist on type '{ cliente_id: string; cliente_nome: string; contato_id: string; contato_nome: string; created_at: string; data_retorno: string; edicao_id: string; id: string; probabilidade: number; telefone: string; ultima_obs: string; ultima_obs_at: string; updated_at: string; } | ... 9 more ... | { ...; }'.
  Property 'peer_category_ids' does not exist on type '{ cliente_id: string; cliente_nome: string; contato_id: string; contato_nome: string; created_at: string; data_retorno: string; edicao_id: string; id: string; probabilidade: number; telefone: string; ultima_obs: string; ultima_obs_at: string; updated_at: string; }'.
services/api/tagService.ts(83,19): error TS2769: No overload matches this call.
  Overload 1 of 2, '(relation: "clientes" | "contatos" | "eventos_edicoes" | "atendimentos" | "eventos" | "planilha_configuracoes" | "atendimentos_historico" | "contratos" | "enderecos" | "itens_opcionais" | "planilha_vendas_estandes"): PostgrestQueryBuilder<...>', gave the following error.
    Argument of type '"tag_categories"' is not assignable to parameter of type '"clientes" | "contatos" | "eventos_edicoes" | "atendimentos" | "eventos" | "planilha_configuracoes" | "atendimentos_historico" | "contratos" | "enderecos" | "itens_opcionais" | "planilha_vendas_estandes"'.
  Overload 2 of 2, '(relation: never): PostgrestQueryBuilder<{ PostgrestVersion: "14.1"; }, { Tables: { atendimentos: { Row: { cliente_id: string; cliente_nome: string; contato_id: string; contato_nome: string; created_at: string; ... 7 more ...; updated_at: string; }; Insert: { ...; }; Update: { ...; }; Relationships: [...]; }; ... 9 more ...; planilha_vendas_estandes: { ...; }; }; Views: {}; Functions: { ...; }; Enums: {}; CompositeTypes: {}; }, never, never, never>', gave the following error.
    Argument of type '"tag_categories"' is not assignable to parameter of type 'never'.
services/api/tagService.ts(93,19): error TS2769: No overload matches this call.
  Overload 1 of 2, '(relation: "clientes" | "contatos" | "eventos_edicoes" | "atendimentos" | "eventos" | "planilha_configuracoes" | "atendimentos_historico" | "contratos" | "enderecos" | "itens_opcionais" | "planilha_vendas_estandes"): PostgrestQueryBuilder<...>', gave the following error.
    Argument of type '"tags"' is not assignable to parameter of type '"clientes" | "contatos" | "eventos_edicoes" | "atendimentos" | "eventos" | "planilha_configuracoes" | "atendimentos_historico" | "contratos" | "enderecos" | "itens_opcionais" | "planilha_vendas_estandes"'.
  Overload 2 of 2, '(relation: never): PostgrestQueryBuilder<{ PostgrestVersion: "14.1"; }, { Tables: { atendimentos: { Row: { cliente_id: string; cliente_nome: string; contato_id: string; contato_nome: string; created_at: string; ... 7 more ...; updated_at: string; }; Insert: { ...; }; Update: { ...; }; Relationships: [...]; }; ... 9 more ...; planilha_vendas_estandes: { ...; }; }; Views: {}; Functions: { ...; }; Enums: {}; CompositeTypes: {}; }, never, never, never>', gave the following error.
    Argument of type '"tags"' is not assignable to parameter of type 'never'.
services/api/tagService.ts(102,25): error TS2339: Property 'user_id' does not exist on type '{ cliente_id: string; cliente_nome: string; contato_id: string; contato_nome: string; created_at: string; data_retorno: string; edicao_id: string; id: string; probabilidade: number; telefone: string; ultima_obs: string; ultima_obs_at: string; updated_at: string; } | ... 9 more ... | { ...; }'.
  Property 'user_id' does not exist on type '{ cliente_id: string; cliente_nome: string; contato_id: string; contato_nome: string; created_at: string; data_retorno: string; edicao_id: string; id: string; probabilidade: number; telefone: string; ultima_obs: string; ultima_obs_at: string; updated_at: string; }'.
services/api/tagService.ts(103,23): error TS2339: Property 'name' does not exist on type '{ cliente_id: string; cliente_nome: string; contato_id: string; contato_nome: string; created_at: string; data_retorno: string; edicao_id: string; id: string; probabilidade: number; telefone: string; ultima_obs: string; ultima_obs_at: string; updated_at: string; } | ... 9 more ... | { ...; }'.
  Property 'name' does not exist on type '{ cliente_id: string; cliente_nome: string; contato_id: string; contato_nome: string; created_at: string; data_retorno: string; edicao_id: string; id: string; probabilidade: number; telefone: string; ultima_obs: string; ultima_obs_at: string; updated_at: string; }'.
services/api/tagService.ts(104,29): error TS2339: Property 'category_id' does not exist on type '{ cliente_id: string; cliente_nome: string; contato_id: string; contato_nome: string; created_at: string; data_retorno: string; edicao_id: string; id: string; probabilidade: number; telefone: string; ultima_obs: string; ultima_obs_at: string; updated_at: string; } | ... 9 more ... | { ...; }'.
  Property 'category_id' does not exist on type '{ cliente_id: string; cliente_nome: string; contato_id: string; contato_nome: string; created_at: string; data_retorno: string; edicao_id: string; id: string; probabilidade: number; telefone: string; ultima_obs: string; ultima_obs_at: string; updated_at: string; }'.
services/api/tagService.ts(105,24): error TS2339: Property 'order' does not exist on type '{ cliente_id: string; cliente_nome: string; contato_id: string; contato_nome: string; created_at: string; data_retorno: string; edicao_id: string; id: string; probabilidade: number; telefone: string; ultima_obs: string; ultima_obs_at: string; updated_at: string; } | ... 9 more ... | { ...; }'.
  Property 'order' does not exist on type '{ cliente_id: string; cliente_nome: string; contato_id: string; contato_nome: string; created_at: string; data_retorno: string; edicao_id: string; id: string; probabilidade: number; telefone: string; ultima_obs: string; ultima_obs_at: string; updated_at: string; }'.
services/api/tagService.ts(111,15): error TS2322: Type '{ user_id: string; name: string; category_id: string; order: number; }' is not assignable to type 'never'.
services/api/tagService.ts(111,40): error TS2344: Type '"tags"' does not satisfy the constraint '"clientes" | "contatos" | "eventos_edicoes" | "atendimentos" | "eventos" | "planilha_configuracoes" | "atendimentos_historico" | "contratos" | "enderecos" | "itens_opcionais" | "planilha_vendas_estandes" | { ...; }'.
services/api/tagService.ts(119,19): error TS2769: No overload matches this call.
  Overload 1 of 2, '(relation: "clientes" | "contatos" | "eventos_edicoes" | "atendimentos" | "eventos" | "planilha_configuracoes" | "atendimentos_historico" | "contratos" | "enderecos" | "itens_opcionais" | "planilha_vendas_estandes"): PostgrestQueryBuilder<...>', gave the following error.
    Argument of type '"tags"' is not assignable to parameter of type '"clientes" | "contatos" | "eventos_edicoes" | "atendimentos" | "eventos" | "planilha_configuracoes" | "atendimentos_historico" | "contratos" | "enderecos" | "itens_opcionais" | "planilha_vendas_estandes"'.
  Overload 2 of 2, '(relation: never): PostgrestQueryBuilder<{ PostgrestVersion: "14.1"; }, { Tables: { atendimentos: { Row: { cliente_id: string; cliente_nome: string; contato_id: string; contato_nome: string; created_at: string; ... 7 more ...; updated_at: string; }; Insert: { ...; }; Update: { ...; }; Relationships: [...]; }; ... 9 more ...; planilha_vendas_estandes: { ...; }; }; Views: {}; Functions: { ...; }; Enums: {}; CompositeTypes: {}; }, never, never, never>', gave the following error.
    Argument of type '"tags"' is not assignable to parameter of type 'never'.
services/api/tagService.ts(128,28): error TS2339: Property 'user_id' does not exist on type '{ cliente_id: string; cliente_nome: string; contato_id: string; contato_nome: string; created_at: string; data_retorno: string; edicao_id: string; id: string; probabilidade: number; telefone: string; ultima_obs: string; ultima_obs_at: string; updated_at: string; } | ... 9 more ... | { ...; }'.
  Property 'user_id' does not exist on type '{ cliente_id: string; cliente_nome: string; contato_id: string; contato_nome: string; created_at: string; data_retorno: string; edicao_id: string; id: string; probabilidade: number; telefone: string; ultima_obs: string; ultima_obs_at: string; updated_at: string; }'.
services/api/tagService.ts(129,26): error TS2339: Property 'name' does not exist on type '{ cliente_id: string; cliente_nome: string; contato_id: string; contato_nome: string; created_at: string; data_retorno: string; edicao_id: string; id: string; probabilidade: number; telefone: string; ultima_obs: string; ultima_obs_at: string; updated_at: string; } | ... 9 more ... | { ...; }'.
  Property 'name' does not exist on type '{ cliente_id: string; cliente_nome: string; contato_id: string; contato_nome: string; created_at: string; data_retorno: string; edicao_id: string; id: string; probabilidade: number; telefone: string; ultima_obs: string; ultima_obs_at: string; updated_at: string; }'.
services/api/tagService.ts(130,32): error TS2339: Property 'category_id' does not exist on type '{ cliente_id: string; cliente_nome: string; contato_id: string; contato_nome: string; created_at: string; data_retorno: string; edicao_id: string; id: string; probabilidade: number; telefone: string; ultima_obs: string; ultima_obs_at: string; updated_at: string; } | ... 9 more ... | { ...; }'.
  Property 'category_id' does not exist on type '{ cliente_id: string; cliente_nome: string; contato_id: string; contato_nome: string; created_at: string; data_retorno: string; edicao_id: string; id: string; probabilidade: number; telefone: string; ultima_obs: string; ultima_obs_at: string; updated_at: string; }'.
services/api/tagService.ts(131,27): error TS2339: Property 'order' does not exist on type '{ cliente_id: string; cliente_nome: string; contato_id: string; contato_nome: string; created_at: string; data_retorno: string; edicao_id: string; id: string; probabilidade: number; telefone: string; ultima_obs: string; ultima_obs_at: string; updated_at: string; } | ... 9 more ... | { ...; }'.
  Property 'order' does not exist on type '{ cliente_id: string; cliente_nome: string; contato_id: string; contato_nome: string; created_at: string; data_retorno: string; edicao_id: string; id: string; probabilidade: number; telefone: string; ultima_obs: string; ultima_obs_at: string; updated_at: string; }'.
services/api/tagService.ts(137,15): error TS2322: Type '{}' is not assignable to type 'never'.
services/api/tagService.ts(137,40): error TS2344: Type '"tags"' does not satisfy the constraint '"clientes" | "contatos" | "eventos_edicoes" | "atendimentos" | "eventos" | "planilha_configuracoes" | "atendimentos_historico" | "contratos" | "enderecos" | "itens_opcionais" | "planilha_vendas_estandes" | { ...; }'.
services/api/tagService.ts(138,49): error TS2339: Property 'name' does not exist on type 'never'.
services/api/tagService.ts(139,50): error TS2339: Property 'order' does not exist on type 'never'.
services/api/tagService.ts(140,55): error TS2339: Property 'category_id' does not exist on type 'never'.
services/api/tagService.ts(143,19): error TS2769: No overload matches this call.
  Overload 1 of 2, '(relation: "clientes" | "contatos" | "eventos_edicoes" | "atendimentos" | "eventos" | "planilha_configuracoes" | "atendimentos_historico" | "contratos" | "enderecos" | "itens_opcionais" | "planilha_vendas_estandes"): PostgrestQueryBuilder<...>', gave the following error.
    Argument of type '"tags"' is not assignable to parameter of type '"clientes" | "contatos" | "eventos_edicoes" | "atendimentos" | "eventos" | "planilha_configuracoes" | "atendimentos_historico" | "contratos" | "enderecos" | "itens_opcionais" | "planilha_vendas_estandes"'.
  Overload 2 of 2, '(relation: never): PostgrestQueryBuilder<{ PostgrestVersion: "14.1"; }, { Tables: { atendimentos: { Row: { cliente_id: string; cliente_nome: string; contato_id: string; contato_nome: string; created_at: string; ... 7 more ...; updated_at: string; }; Insert: { ...; }; Update: { ...; }; Relationships: [...]; }; ... 9 more ...; planilha_vendas_estandes: { ...; }; }; Views: {}; Functions: { ...; }; Enums: {}; CompositeTypes: {}; }, never, never, never>', gave the following error.
    Argument of type '"tags"' is not assignable to parameter of type 'never'.
services/api/tagService.ts(153,32): error TS2339: Property 'user_id' does not exist on type '{ cliente_id: string; cliente_nome: string; contato_id: string; contato_nome: string; created_at: string; data_retorno: string; edicao_id: string; id: string; probabilidade: number; telefone: string; ultima_obs: string; ultima_obs_at: string; updated_at: string; } | ... 9 more ... | { ...; }'.
  Property 'user_id' does not exist on type '{ cliente_id: string; cliente_nome: string; contato_id: string; contato_nome: string; created_at: string; data_retorno: string; edicao_id: string; id: string; probabilidade: number; telefone: string; ultima_obs: string; ultima_obs_at: string; updated_at: string; }'.
services/api/tagService.ts(154,30): error TS2339: Property 'name' does not exist on type '{ cliente_id: string; cliente_nome: string; contato_id: string; contato_nome: string; created_at: string; data_retorno: string; edicao_id: string; id: string; probabilidade: number; telefone: string; ultima_obs: string; ultima_obs_at: string; updated_at: string; } | ... 9 more ... | { ...; }'.
  Property 'name' does not exist on type '{ cliente_id: string; cliente_nome: string; contato_id: string; contato_nome: string; created_at: string; data_retorno: string; edicao_id: string; id: string; probabilidade: number; telefone: string; ultima_obs: string; ultima_obs_at: string; updated_at: string; }'.
services/api/tagService.ts(155,36): error TS2339: Property 'category_id' does not exist on type '{ cliente_id: string; cliente_nome: string; contato_id: string; contato_nome: string; created_at: string; data_retorno: string; edicao_id: string; id: string; probabilidade: number; telefone: string; ultima_obs: string; ultima_obs_at: string; updated_at: string; } | ... 9 more ... | { ...; }'.
  Property 'category_id' does not exist on type '{ cliente_id: string; cliente_nome: string; contato_id: string; contato_nome: string; created_at: string; data_retorno: string; edicao_id: string; id: string; probabilidade: number; telefone: string; ultima_obs: string; ultima_obs_at: string; updated_at: string; }'.
services/api/tagService.ts(156,31): error TS2339: Property 'order' does not exist on type '{ cliente_id: string; cliente_nome: string; contato_id: string; contato_nome: string; created_at: string; data_retorno: string; edicao_id: string; id: string; probabilidade: number; telefone: string; ultima_obs: string; ultima_obs_at: string; updated_at: string; } | ... 9 more ... | { ...; }'.
  Property 'order' does not exist on type '{ cliente_id: string; cliente_nome: string; contato_id: string; contato_nome: string; created_at: string; data_retorno: string; edicao_id: string; id: string; probabilidade: number; telefone: string; ultima_obs: string; ultima_obs_at: string; updated_at: string; }'.
services/api/tagService.ts(163,19): error TS2769: No overload matches this call.
  Overload 1 of 2, '(relation: "clientes" | "contatos" | "eventos_edicoes" | "atendimentos" | "eventos" | "planilha_configuracoes" | "atendimentos_historico" | "contratos" | "enderecos" | "itens_opcionais" | "planilha_vendas_estandes"): PostgrestQueryBuilder<...>', gave the following error.
    Argument of type '"tags"' is not assignable to parameter of type '"clientes" | "contatos" | "eventos_edicoes" | "atendimentos" | "eventos" | "planilha_configuracoes" | "atendimentos_historico" | "contratos" | "enderecos" | "itens_opcionais" | "planilha_vendas_estandes"'.
  Overload 2 of 2, '(relation: never): PostgrestQueryBuilder<{ PostgrestVersion: "14.1"; }, { Tables: { atendimentos: { Row: { cliente_id: string; cliente_nome: string; contato_id: string; contato_nome: string; created_at: string; ... 7 more ...; updated_at: string; }; Insert: { ...; }; Update: { ...; }; Relationships: [...]; }; ... 9 more ...; planilha_vendas_estandes: { ...; }; }; Views: {}; Functions: { ...; }; Enums: {}; CompositeTypes: {}; }, never, never, never>', gave the following error.
    Argument of type '"tags"' is not assignable to parameter of type 'never'.
services/api/userService.ts(14,19): error TS2769: No overload matches this call.
  Overload 1 of 2, '(relation: "clientes" | "contatos" | "eventos_edicoes" | "atendimentos" | "eventos" | "planilha_configuracoes" | "atendimentos_historico" | "contratos" | "enderecos" | "itens_opcionais" | "planilha_vendas_estandes"): PostgrestQueryBuilder<...>', gave the following error.
    Argument of type '"photos"' is not assignable to parameter of type '"clientes" | "contatos" | "eventos_edicoes" | "atendimentos" | "eventos" | "planilha_configuracoes" | "atendimentos_historico" | "contratos" | "enderecos" | "itens_opcionais" | "planilha_vendas_estandes"'.
  Overload 2 of 2, '(relation: never): PostgrestQueryBuilder<{ PostgrestVersion: "14.1"; }, { Tables: { atendimentos: { Row: { cliente_id: string; cliente_nome: string; contato_id: string; contato_nome: string; created_at: string; ... 7 more ...; updated_at: string; }; Insert: { ...; }; Update: { ...; }; Relationships: [...]; }; ... 9 more ...; planilha_vendas_estandes: { ...; }; }; Views: {}; Functions: { ...; }; Enums: {}; CompositeTypes: {}; }, never, never, never>', gave the following error.
    Argument of type '"photos"' is not assignable to parameter of type 'never'.
services/api/userService.ts(42,39): error TS2589: Type instantiation is excessively deep and possibly infinite.
services/api/userService.ts(42,39): error TS2589: Type instantiation is excessively deep and possibly infinite.
services/api/userService.ts(43,19): error TS2769: No overload matches this call.
  Overload 1 of 2, '(relation: "clientes" | "contatos" | "eventos_edicoes" | "atendimentos" | "eventos" | "planilha_configuracoes" | "atendimentos_historico" | "contratos" | "enderecos" | "itens_opcionais" | "planilha_vendas_estandes"): PostgrestQueryBuilder<...>', gave the following error.
    Argument of type '"users"' is not assignable to parameter of type '"clientes" | "contatos" | "eventos_edicoes" | "atendimentos" | "eventos" | "planilha_configuracoes" | "atendimentos_historico" | "contratos" | "enderecos" | "itens_opcionais" | "planilha_vendas_estandes"'.
  Overload 2 of 2, '(relation: never): PostgrestQueryBuilder<{ PostgrestVersion: "14.1"; }, { Tables: { atendimentos: { Row: { cliente_id: string; cliente_nome: string; contato_id: string; contato_nome: string; created_at: string; ... 7 more ...; updated_at: string; }; Insert: { ...; }; Update: { ...; }; Relationships: [...]; }; ... 9 more ...; planilha_vendas_estandes: { ...; }; }; Views: {}; Functions: { ...; }; Enums: {}; CompositeTypes: {}; }, never, never, never>', gave the following error.
    Argument of type '"users"' is not assignable to parameter of type 'never'.
services/api/userService.ts(50,47): error TS2339: Property 'id' does not exist on type 'SelectQueryError<"column 'name' does not exist on 'clientes'."> | SelectQueryError<"column 'name' does not exist on 'contatos'."> | ... 8 more ... | SelectQueryError<...>'.
  Property 'id' does not exist on type 'SelectQueryError<"column 'name' does not exist on 'clientes'.">'.
services/api/userService.ts(50,59): error TS2339: Property 'name' does not exist on type 'SelectQueryError<"column 'name' does not exist on 'clientes'."> | SelectQueryError<"column 'name' does not exist on 'contatos'."> | ... 8 more ... | SelectQueryError<...>'.
  Property 'name' does not exist on type 'SelectQueryError<"column 'name' does not exist on 'clientes'.">'.
services/api/userService.ts(54,47): error TS2769: No overload matches this call.
  Overload 1 of 2, '(relation: "clientes" | "contatos" | "eventos_edicoes" | "atendimentos" | "eventos" | "planilha_configuracoes" | "atendimentos_historico" | "contratos" | "enderecos" | "itens_opcionais" | "planilha_vendas_estandes"): PostgrestQueryBuilder<...>', gave the following error.
    Argument of type '"users"' is not assignable to parameter of type '"clientes" | "contatos" | "eventos_edicoes" | "atendimentos" | "eventos" | "planilha_configuracoes" | "atendimentos_historico" | "contratos" | "enderecos" | "itens_opcionais" | "planilha_vendas_estandes"'.
  Overload 2 of 2, '(relation: never): PostgrestQueryBuilder<{ PostgrestVersion: "14.1"; }, { Tables: { atendimentos: { Row: { cliente_id: string; cliente_nome: string; contato_id: string; contato_nome: string; created_at: string; ... 7 more ...; updated_at: string; }; Insert: { ...; }; Update: { ...; }; Relationships: [...]; }; ... 9 more ...; planilha_vendas_estandes: { ...; }; }; Views: {}; Functions: { ...; }; Enums: {}; CompositeTypes: {}; }, never, never, never>', gave the following error.
    Argument of type '"users"' is not assignable to parameter of type 'never'.
services/itensOpcionaisService.ts(41,46): error TS2345: Argument of type '"rename_opcional_item"' is not assignable to parameter of type '"search_clientes"'.
services/itensOpcionaisService.ts(51,19): error TS2769: No overload matches this call.
  Overload 1 of 2, '(relation: "clientes" | "contatos" | "eventos_edicoes" | "atendimentos" | "eventos" | "planilha_configuracoes" | "atendimentos_historico" | "contratos" | "enderecos" | "itens_opcionais" | "planilha_vendas_estandes"): PostgrestQueryBuilder<...>', gave the following error.
    Argument of type '"planilha_config"' is not assignable to parameter of type '"clientes" | "contatos" | "eventos_edicoes" | "atendimentos" | "eventos" | "planilha_configuracoes" | "atendimentos_historico" | "contratos" | "enderecos" | "itens_opcionais" | "planilha_vendas_estandes"'.
  Overload 2 of 2, '(relation: never): PostgrestQueryBuilder<{ PostgrestVersion: "14.1"; }, { Tables: { atendimentos: { Row: { cliente_id: string; cliente_nome: string; contato_id: string; contato_nome: string; created_at: string; ... 7 more ...; updated_at: string; }; Insert: { ...; }; Update: { ...; }; Relationships: [...]; }; ... 9 more ...; planilha_vendas_estandes: { ...; }; }; Views: {}; Functions: { ...; }; Enums: {}; CompositeTypes: {}; }, never, never, never>', gave the following error.
    Argument of type '"planilha_config"' is not assignable to parameter of type 'never'.
services/tarefasService.ts(44,39): error TS2589: Type instantiation is excessively deep and possibly infinite.
services/tarefasService.ts(45,19): error TS2769: No overload matches this call.
  Overload 1 of 2, '(relation: "clientes" | "contatos" | "eventos_edicoes" | "atendimentos" | "eventos" | "planilha_configuracoes" | "atendimentos_historico" | "contratos" | "enderecos" | "itens_opcionais" | "planilha_vendas_estandes"): PostgrestQueryBuilder<...>', gave the following error.
    Argument of type '"tarefas"' is not assignable to parameter of type '"clientes" | "contatos" | "eventos_edicoes" | "atendimentos" | "eventos" | "planilha_configuracoes" | "atendimentos_historico" | "contratos" | "enderecos" | "itens_opcionais" | "planilha_vendas_estandes"'.
  Overload 2 of 2, '(relation: never): PostgrestQueryBuilder<{ PostgrestVersion: "14.1"; }, { Tables: { atendimentos: { Row: { cliente_id: string; cliente_nome: string; contato_id: string; contato_nome: string; created_at: string; ... 7 more ...; updated_at: string; }; Insert: { ...; }; Update: { ...; }; Relationships: [...]; }; ... 9 more ...; planilha_vendas_estandes: { ...; }; }; Views: {}; Functions: { ...; }; Enums: {}; CompositeTypes: {}; }, never, never, never>', gave the following error.
    Argument of type '"tarefas"' is not assignable to parameter of type 'never'.
services/tarefasService.ts(59,19): error TS2769: No overload matches this call.
  Overload 1 of 2, '(relation: "clientes" | "contatos" | "eventos_edicoes" | "atendimentos" | "eventos" | "planilha_configuracoes" | "atendimentos_historico" | "contratos" | "enderecos" | "itens_opcionais" | "planilha_vendas_estandes"): PostgrestQueryBuilder<...>', gave the following error.
    Argument of type '"tarefas"' is not assignable to parameter of type '"clientes" | "contatos" | "eventos_edicoes" | "atendimentos" | "eventos" | "planilha_configuracoes" | "atendimentos_historico" | "contratos" | "enderecos" | "itens_opcionais" | "planilha_vendas_estandes"'.
  Overload 2 of 2, '(relation: never): PostgrestQueryBuilder<{ PostgrestVersion: "14.1"; }, { Tables: { atendimentos: { Row: { cliente_id: string; cliente_nome: string; contato_id: string; contato_nome: string; created_at: string; ... 7 more ...; updated_at: string; }; Insert: { ...; }; Update: { ...; }; Relationships: [...]; }; ... 9 more ...; planilha_vendas_estandes: { ...; }; }; Views: {}; Functions: { ...; }; Enums: {}; CompositeTypes: {}; }, never, never, never>', gave the following error.
    Argument of type '"tarefas"' is not assignable to parameter of type 'never'.
services/tarefasService.ts(74,19): error TS2769: No overload matches this call.
  Overload 1 of 2, '(relation: "clientes" | "contatos" | "eventos_edicoes" | "atendimentos" | "eventos" | "planilha_configuracoes" | "atendimentos_historico" | "contratos" | "enderecos" | "itens_opcionais" | "planilha_vendas_estandes"): PostgrestQueryBuilder<...>', gave the following error.
    Argument of type '"tarefas"' is not assignable to parameter of type '"clientes" | "contatos" | "eventos_edicoes" | "atendimentos" | "eventos" | "planilha_configuracoes" | "atendimentos_historico" | "contratos" | "enderecos" | "itens_opcionais" | "planilha_vendas_estandes"'.
  Overload 2 of 2, '(relation: never): PostgrestQueryBuilder<{ PostgrestVersion: "14.1"; }, { Tables: { atendimentos: { Row: { cliente_id: string; cliente_nome: string; contato_id: string; contato_nome: string; created_at: string; ... 7 more ...; updated_at: string; }; Insert: { ...; }; Update: { ...; }; Relationships: [...]; }; ... 9 more ...; planilha_vendas_estandes: { ...; }; }; Views: {}; Functions: { ...; }; Enums: {}; CompositeTypes: {}; }, never, never, never>', gave the following error.
    Argument of type '"tarefas"' is not assignable to parameter of type 'never'.
services/tarefasService.ts(86,29): error TS2769: No overload matches this call.
  Overload 1 of 2, '(relation: "clientes" | "contatos" | "eventos_edicoes" | "atendimentos" | "eventos" | "planilha_configuracoes" | "atendimentos_historico" | "contratos" | "enderecos" | "itens_opcionais" | "planilha_vendas_estandes"): PostgrestQueryBuilder<...>', gave the following error.
    Argument of type '"tarefas_historico"' is not assignable to parameter of type '"clientes" | "contatos" | "eventos_edicoes" | "atendimentos" | "eventos" | "planilha_configuracoes" | "atendimentos_historico" | "contratos" | "enderecos" | "itens_opcionais" | "planilha_vendas_estandes"'.
  Overload 2 of 2, '(relation: never): PostgrestQueryBuilder<{ PostgrestVersion: "14.1"; }, { Tables: { atendimentos: { Row: { cliente_id: string; cliente_nome: string; contato_id: string; contato_nome: string; created_at: string; ... 7 more ...; updated_at: string; }; Insert: { ...; }; Update: { ...; }; Relationships: [...]; }; ... 9 more ...; planilha_vendas_estandes: { ...; }; }; Views: {}; Functions: { ...; }; Enums: {}; CompositeTypes: {}; }, never, never, never>', gave the following error.
    Argument of type '"tarefas_historico"' is not assignable to parameter of type 'never'.
services/tarefasService.ts(87,13): error TS2769: No overload matches this call.
  Overload 1 of 2, '(values: { cliente_id?: string; cliente_nome?: string; contato_id?: string; contato_nome?: string; created_at?: string; data_retorno?: string; edicao_id: string; id?: string; probabilidade?: number; telefone?: string; ultima_obs?: string; ultima_obs_at?: string; updated_at?: string; } | ... 9 more ... | { ...; }, options?: { ...; }): PostgrestFilterBuilder<...>', gave the following error.
    Object literal may only specify known properties, and 'tarefa_id' does not exist in type '{ cliente_id?: string; cliente_nome?: string; contato_id?: string; contato_nome?: string; created_at?: string; data_retorno?: string; edicao_id: string; id?: string; probabilidade?: number; telefone?: string; ultima_obs?: string; ultima_obs_at?: string; updated_at?: string; } | ... 9 more ... | { ...; }'.
  Overload 2 of 2, '(values: ({ cliente_id?: string; cliente_nome?: string; contato_id?: string; contato_nome?: string; created_at?: string; data_retorno?: string; edicao_id: string; id?: string; probabilidade?: number; telefone?: string; ultima_obs?: string; ultima_obs_at?: string; updated_at?: string; } | ... 9 more ... | { ...; })[], options?: { ...; }): PostgrestFilterBuilder<...>', gave the following error.
    Object literal may only specify known properties, and 'tarefa_id' does not exist in type '({ cliente_id?: string; cliente_nome?: string; contato_id?: string; contato_nome?: string; created_at?: string; data_retorno?: string; edicao_id: string; id?: string; probabilidade?: number; telefone?: string; ultima_obs?: string; ultima_obs_at?: string; updated_at?: string; } | ... 9 more ... | { ...; })[]'.
services/tarefasService.ts(100,19): error TS2769: No overload matches this call.
  Overload 1 of 2, '(relation: "clientes" | "contatos" | "eventos_edicoes" | "atendimentos" | "eventos" | "planilha_configuracoes" | "atendimentos_historico" | "contratos" | "enderecos" | "itens_opcionais" | "planilha_vendas_estandes"): PostgrestQueryBuilder<...>', gave the following error.
    Argument of type '"tarefas"' is not assignable to parameter of type '"clientes" | "contatos" | "eventos_edicoes" | "atendimentos" | "eventos" | "planilha_configuracoes" | "atendimentos_historico" | "contratos" | "enderecos" | "itens_opcionais" | "planilha_vendas_estandes"'.
  Overload 2 of 2, '(relation: never): PostgrestQueryBuilder<{ PostgrestVersion: "14.1"; }, { Tables: { atendimentos: { Row: { cliente_id: string; cliente_nome: string; contato_id: string; contato_nome: string; created_at: string; ... 7 more ...; updated_at: string; }; Insert: { ...; }; Update: { ...; }; Relationships: [...]; }; ... 9 more ...; planilha_vendas_estandes: { ...; }; }; Views: {}; Functions: { ...; }; Enums: {}; CompositeTypes: {}; }, never, never, never>', gave the following error.
    Argument of type '"tarefas"' is not assignable to parameter of type 'never'.
services/tarefasService.ts(109,47): error TS2769: No overload matches this call.
  Overload 1 of 2, '(relation: "clientes" | "contatos" | "eventos_edicoes" | "atendimentos" | "eventos" | "planilha_configuracoes" | "atendimentos_historico" | "contratos" | "enderecos" | "itens_opcionais" | "planilha_vendas_estandes"): PostgrestQueryBuilder<...>', gave the following error.
    Argument of type '"tarefas"' is not assignable to parameter of type '"clientes" | "contatos" | "eventos_edicoes" | "atendimentos" | "eventos" | "planilha_configuracoes" | "atendimentos_historico" | "contratos" | "enderecos" | "itens_opcionais" | "planilha_vendas_estandes"'.
  Overload 2 of 2, '(relation: never): PostgrestQueryBuilder<{ PostgrestVersion: "14.1"; }, { Tables: { atendimentos: { Row: { cliente_id: string; cliente_nome: string; contato_id: string; contato_nome: string; created_at: string; ... 7 more ...; updated_at: string; }; Insert: { ...; }; Update: { ...; }; Relationships: [...]; }; ... 9 more ...; planilha_vendas_estandes: { ...; }; }; Views: {}; Functions: { ...; }; Enums: {}; CompositeTypes: {}; }, never, never, never>', gave the following error.
    Argument of type '"tarefas"' is not assignable to parameter of type 'never'.
services/tarefasService.ts(115,39): error TS2589: Type instantiation is excessively deep and possibly infinite.
services/tarefasService.ts(116,19): error TS2769: No overload matches this call.
  Overload 1 of 2, '(relation: "clientes" | "contatos" | "eventos_edicoes" | "atendimentos" | "eventos" | "planilha_configuracoes" | "atendimentos_historico" | "contratos" | "enderecos" | "itens_opcionais" | "planilha_vendas_estandes"): PostgrestQueryBuilder<...>', gave the following error.
    Argument of type '"tarefas_historico"' is not assignable to parameter of type '"clientes" | "contatos" | "eventos_edicoes" | "atendimentos" | "eventos" | "planilha_configuracoes" | "atendimentos_historico" | "contratos" | "enderecos" | "itens_opcionais" | "planilha_vendas_estandes"'.
  Overload 2 of 2, '(relation: never): PostgrestQueryBuilder<{ PostgrestVersion: "14.1"; }, { Tables: { atendimentos: { Row: { cliente_id: string; cliente_nome: string; contato_id: string; contato_nome: string; created_at: string; ... 7 more ...; updated_at: string; }; Insert: { ...; }; Update: { ...; }; Relationships: [...]; }; ... 9 more ...; planilha_vendas_estandes: { ...; }; }; Views: {}; Functions: { ...; }; Enums: {}; CompositeTypes: {}; }, never, never, never>', gave the following error.
    Argument of type '"tarefas_historico"' is not assignable to parameter of type 'never'.
services/tarefasService.ts(130,19): error TS2769: No overload matches this call.
  Overload 1 of 2, '(relation: "clientes" | "contatos" | "eventos_edicoes" | "atendimentos" | "eventos" | "planilha_configuracoes" | "atendimentos_historico" | "contratos" | "enderecos" | "itens_opcionais" | "planilha_vendas_estandes"): PostgrestQueryBuilder<...>', gave the following error.
    Argument of type '"tarefas_historico"' is not assignable to parameter of type '"clientes" | "contatos" | "eventos_edicoes" | "atendimentos" | "eventos" | "planilha_configuracoes" | "atendimentos_historico" | "contratos" | "enderecos" | "itens_opcionais" | "planilha_vendas_estandes"'.
  Overload 2 of 2, '(relation: never): PostgrestQueryBuilder<{ PostgrestVersion: "14.1"; }, { Tables: { atendimentos: { Row: { cliente_id: string; cliente_nome: string; contato_id: string; contato_nome: string; created_at: string; ... 7 more ...; updated_at: string; }; Insert: { ...; }; Update: { ...; }; Relationships: [...]; }; ... 9 more ...; planilha_vendas_estandes: { ...; }; }; Views: {}; Functions: { ...; }; Enums: {}; CompositeTypes: {}; }, never, never, never>', gave the following error.
    Argument of type '"tarefas_historico"' is not assignable to parameter of type 'never'.
services/tarefasService.ts(131,14): error TS2769: No overload matches this call.
  Overload 1 of 2, '(values: { cliente_id?: string; cliente_nome?: string; contato_id?: string; contato_nome?: string; created_at?: string; data_retorno?: string; edicao_id: string; id?: string; probabilidade?: number; telefone?: string; ultima_obs?: string; ultima_obs_at?: string; updated_at?: string; } | ... 9 more ... | { ...; }, options?: { ...; }): PostgrestFilterBuilder<...>', gave the following error.
    Argument of type '{ user_id: string; descricao: string; tarefa_id: string; status_anterior: string | null; status_novo: string | null; }' is not assignable to parameter of type '{ cliente_id?: string; cliente_nome?: string; contato_id?: string; contato_nome?: string; created_at?: string; data_retorno?: string; edicao_id: string; id?: string; probabilidade?: number; telefone?: string; ultima_obs?: string; ultima_obs_at?: string; updated_at?: string; } | ... 9 more ... | { ...; }'.
      Property 'atendimento_id' is missing in type '{ user_id: string; descricao: string; tarefa_id: string; status_anterior: string | null; status_novo: string | null; }' but required in type '{ atendimento_id: string; created_at?: string; data_retorno?: string; descricao: string; id?: string; probabilidade?: number; user_id?: string; }'.
  Overload 2 of 2, '(values: ({ cliente_id?: string; cliente_nome?: string; contato_id?: string; contato_nome?: string; created_at?: string; data_retorno?: string; edicao_id: string; id?: string; probabilidade?: number; telefone?: string; ultima_obs?: string; ultima_obs_at?: string; updated_at?: string; } | ... 9 more ... | { ...; })[], options?: { ...; }): PostgrestFilterBuilder<...>', gave the following error.
    Object literal may only specify known properties, and 'user_id' does not exist in type '({ cliente_id?: string; cliente_nome?: string; contato_id?: string; contato_nome?: string; created_at?: string; data_retorno?: string; edicao_id: string; id?: string; probabilidade?: number; telefone?: string; ultima_obs?: string; ultima_obs_at?: string; updated_at?: string; } | ... 9 more ... | { ...; })[]'.
services/tarefasService.ts(148,19): error TS2769: No overload matches this call.
  Overload 1 of 2, '(relation: "clientes" | "contatos" | "eventos_edicoes" | "atendimentos" | "eventos" | "planilha_configuracoes" | "atendimentos_historico" | "contratos" | "enderecos" | "itens_opcionais" | "planilha_vendas_estandes"): PostgrestQueryBuilder<...>', gave the following error.
    Argument of type '"tarefas"' is not assignable to parameter of type '"clientes" | "contatos" | "eventos_edicoes" | "atendimentos" | "eventos" | "planilha_configuracoes" | "atendimentos_historico" | "contratos" | "enderecos" | "itens_opcionais" | "planilha_vendas_estandes"'.
  Overload 2 of 2, '(relation: never): PostgrestQueryBuilder<{ PostgrestVersion: "14.1"; }, { Tables: { atendimentos: { Row: { cliente_id: string; cliente_nome: string; contato_id: string; contato_nome: string; created_at: string; ... 7 more ...; updated_at: string; }; Insert: { ...; }; Update: { ...; }; Relationships: [...]; }; ... 9 more ...; planilha_vendas_estandes: { ...; }; }; Views: {}; Functions: { ...; }; Enums: {}; CompositeTypes: {}; }, never, never, never>', gave the following error.
    Argument of type '"tarefas"' is not assignable to parameter of type 'never'.
